0a9f131163dc43a4a9d258eb1cd18225__442437898615989.png
base...
left_view|footleft-footright
left_view|footright-footright
left_view|footright-footleft
left_view|footleft-footleft
parts...
base...
right_view|footleft-footright
right_view|footright-footright
right_view|footright-footleft
right_view|footleft-footleft
parts...
0bb40e4b6d7f4a6ab2fcf675cac14b2a__895469559262506.png
Failed! for -->  0bb40e4b6d7f4a6ab2fcf675cac14b2a__895469559262506.png
0d3db4e389234981a64855d2d9f4ca09__7861382563975591.png
base...
left_view|footleft-footright
left_view|footright-footright
left_view|footright-footleft
left_view|footleft-footleft
parts...
base...
right_view|footleft-footright
right_view|footright-footright
right_view|footright-footleft
right_view|footleft-footleft
parts...
1a37e69bd3f940de99962dd034c3f4db__979904650282110.png
base...
left_view|footleft-footright
left_view|footright-footright
left_view|footright-footleft
left_view|footleft-footleft
parts...
base...
right_view|footleft-footright
right_view|footright-footright
right_view|footright-footleft
right_view|footleft-footleft
parts...
